// Jest Snapshot v1, https://goo.gl/fbAQLP

exports[`Expect it renders 1`] = `
<div>
  <h1>
    Social DM Tools!
  </h1>
</div>
`;
